// Jest Snapshot v1, https://goo.gl/fbAQLP

exports[`snapshot testing 1`] = `
<div
  className="button-style"
  data-testid="button"
>
  you 
  changed
</div>
`;
